
[1m[46m RUN [49m[22m [36mv4.1.0 [39m[90mC:/Users/833368/strc/SLstening[39m

 [31m??[39m src/pages/Login/__tests__/Content.test.tsx [2m([22m[2m2 tests[22m[2m | [22m[31m2 failed[39m[2m)[22m[32m 4[2mms[22m[39m
[31m     [31m?[31m renders correctly with email and password fields[39m[32m 2[2mms[22m[39m
[31m     [31m?[31m allows user to input email and password and sign in button becomes enabled[39m[32m 0[2mms[22m[39m
npx : 
位於 線路:1 字元:1
+ npx vitest run src/pages/Login/__tests__/Conte
nt.test.tsx > vitest_ou ...
+ ~~~~~~~~~~~~~~~~~~~~~~~~~~~~~~~~~~~~~~~~~~~~~~
~~~~~~~~~~~~~~~~~~~~~~~
    + CategoryInfo          : NotSpecified: (:St
rin    g) [], RemoteException
    + FullyQualifiedErrorId : NativeCommandError
 
[31m?胼?胼?胼??[39m[1m[41m Failed Tests 2 [4
9m[22m[31m?胼?胼?胼??[39m

[41m[1m FAIL [22m[49m src/pages/Login/__test
s__/Content.test.tsx[2m > [22mLogin Content Co
mponent[2m > [22mrenders correctly with email 
and password fields
[41m[1m FAIL [22m[49m src/pages/Login/__test
s__/Content.test.tsx[2m > [22mLogin Content Co
mponent[2m > [22mallows user to input email an
d password and sign in button becomes enabled
[31m[1mReferenceError[22m: localStorage is no
t defined[39m
[36m [2m??[22m src/pages/Login/__tests__/Conte
nt.test.tsx:[2m52:5[22m[39m
    [90m 50|[39m   [34mbeforeEach[39m(() [3
3m=>[39m {
    [90m 51|[39m     vi[33m.[39m[34mclearAl
lMocks[39m()[33m;[39m
    [90m 52|[39m     localStorage[33m.[39m[
34mclear[39m()[33m;[39m
    [90m   |[39m     [31m^[39m
    [90m 53|[39m   })[33m;[39m
    [90m 54|[39m

[31m[2m?胼?胼?胼?胼?胼?胼?胼?胼?胼?胼?胼?胼[1/
2]??[22m[39m


[2m Test Files [22m [1m[31m1 failed[39m[22m[90m (1)[39m
[2m      Tests [22m [1m[31m2 failed[39m[22m[90m (2)[39m
[2m   Start at [22m 17:37:41
[2m   Duration [22m 9.20s[2m (transform 173ms, setup 27ms, import 8.64s, tests 4ms, environment 0ms)[22m

